0. Hello Flask!

guillaume@ubuntu:~/AirBnB_v2$ python3 -m web_flask.0-hello_route
* Running on http://0.0.0.0:5000/ (Press CTRL+C to quit)
....

In another tab:

guillaume@ubuntu:~$ curl 0.0.0.0:5000 ; echo "" | cat -e
Hello HBNB!$
guillaume@ubuntu:~$ 

1. HBNB
guillaume@ubuntu:~/AirBnB_v2$ python3 -m web_flask.1-hbnb_route
* Running on http://0.0.0.0:5000/ (Press CTRL+C to quit)
....
In another tab:

guillaume@ubuntu:~$ curl 0.0.0.0:5000/hbnb ; echo "" | cat -e
HBNB$
guillaume@ubuntu:~$ 

2. C is fun!
guillaume@ubuntu:~/AirBnB_v2$ python3 -m web_flask.2-c_route
* Running on http://0.0.0.0:5000/ (Press CTRL+C to quit)
....
In another tab:

guillaume@ubuntu:~$ curl 0.0.0.0:5000/c/is_fun ; echo "" | cat -e
C is fun$
guillaume@ubuntu:~$ curl 0.0.0.0:5000/c/cool ; echo "" | cat -e
C cool$
guillaume@ubuntu:~$ curl 0.0.0.0:5000/c
<!DOCTYPE HTML PUBLIC "-//W3C//DTD HTML 3.2 Final//EN">
<title>404 Not Found</title>
<h1>Not Found</h1>
<p>The requested URL was not found on the server.  If you entered the URL manually please check your spelling and try again.</p>
guillaume@ubuntu:~$ 

3. Python is cool!
guillaume@ubuntu:~/AirBnB_v2$ python3 -m web_flask.3-python_route
* Running on http://0.0.0.0:5000/ (Press CTRL+C to quit)
....
In another tab:

guillaume@ubuntu:~$ curl -Ls 0.0.0.0:5000/python/is_magic ; echo "" | cat -e
Python is magic$
guillaume@ubuntu:~$ curl -Ls 0.0.0.0:5000/python ; echo "" | cat -e
Python is cool$
guillaume@ubuntu:~$ curl -Ls 0.0.0.0:5000/python/ ; echo "" | cat -e
Python is cool$
guillaume@ubuntu:~$ 

4. Is it a number?
guillaume@ubuntu:~/AirBnB_v2$ python3 -m web_flask.4-number_route
* Running on http://0.0.0.0:5000/ (Press CTRL+C to quit)
....

In another tab:

guillaume@ubuntu:~$ curl 0.0.0.0:5000/number/89 ; echo "" | cat -e
89 is a number$
guillaume@ubuntu:~$ curl 0.0.0.0:5000/number/8.9 
<!DOCTYPE HTML PUBLIC "-//W3C//DTD HTML 3.2 Final//EN">
<title>404 Not Found</title>
<h1>Not Found</h1>
<p>The requested URL was not found on the server.  If you entered the URL manually please check your spelling and try again.</p>
guillaume@ubuntu:~$ curl 0.0.0.0:5000/number/python 
<!DOCTYPE HTML PUBLIC "-//W3C//DTD HTML 3.2 Final//EN">
<title>404 Not Found</title>
<h1>Not Found</h1>
<p>The requested URL was not found on the server.  If you entered the URL manually please check your spelling and try again.</p>
guillaume@ubuntu:~$ 

5. Number template
guillaume@ubuntu:~/AirBnB_v2$ python3 -m web_flask.5-number_template
* Running on http://0.0.0.0:5000/ (Press CTRL+C to quit)
....
In another tab:

guillaume@ubuntu:~$ curl 0.0.0.0:5000/number_template/89 ; echo ""
<!DOCTYPE html>
<HTML lang="en">
    <HEAD>
        <TITLE>HBNB</TITLE>
    </HEAD>
    <BODY>
        <H1>Number: 89</H1>
    </BODY>
</HTML>
guillaume@ubuntu:~$ curl 0.0.0.0:5000/number_template/8.9 
<!DOCTYPE HTML PUBLIC "-//W3C//DTD HTML 3.2 Final//EN">
<title>404 Not Found</title>
<h1>Not Found</h1>
<p>The requested URL was not found on the server.  If you entered the URL manually please check your spelling and try again.</p>
guillaume@ubuntu:~$ curl 0.0.0.0:5000/number_template/python 
<!DOCTYPE HTML PUBLIC "-//W3C//DTD HTML 3.2 Final//EN">
<title>404 Not Found</title>
<h1>Not Found</h1>
<p>The requested URL was not found on the server.  If you entered the URL manually please check your spelling and try again.</p>
guillaume@ubuntu:~$ 

6. Odd or even?
guillaume@ubuntu:~/AirBnB_v2$ python3 -m web_flask.6-number_odd_or_even
* Running on http://0.0.0.0:5000/ (Press CTRL+C to quit)
....
In another tab:

guillaume@ubuntu:~$ curl 0.0.0.0:5000/number_odd_or_even/89 ; echo ""
<!DOCTYPE html>
<HTML lang="en">
    <HEAD>
        <TITLE>HBNB</TITLE>
    </HEAD>
    <BODY>
        <H1>Number: 89 is odd</H1>
    </BODY>
</HTML>
guillaume@ubuntu:~$ curl 0.0.0.0:5000/number_odd_or_even/32 ; echo ""
<!DOCTYPE html>
<HTML lang="en">
    <HEAD>
        <TITLE>HBNB</TITLE>
    </HEAD>
    <BODY>
        <H1>Number: 32 is even</H1>
    </BODY>
</HTML>
guillaume@ubuntu:~$ curl 0.0.0.0:5000/number_odd_or_even/python 
<!DOCTYPE HTML PUBLIC "-//W3C//DTD HTML 3.2 Final//EN">
<title>404 Not Found</title>
<h1>Not Found</h1>
<p>The requested URL was not found on the server.  If you entered the URL manually please check your spelling and try again.</p>
guillaume@ubuntu:~$ 

7. Improve engines
guillaume@ubuntu:~/AirBnB_v2$ HBNB_MYSQL_USER=hbnb_dev HBNB_MYSQL_PWD=hbnb_dev_pwd HBNB_MYSQL_HOST=localhost HBNB_MYSQL_DB=hbnb_dev_db HBNB_TYPE_STORAGE=db python3 
>>> from models import storage
>>> from models.state import State
>>> len(storage.all(State))
5
>>> len(storage.all(State))
5
>>> # Time to insert new data!

t this moment, in another tab:

guillaume@ubuntu:~/AirBnB_v2$ echo 'INSERT INTO `states` VALUES ("421a55f1-7d82-45d9-b54c-a76916479545","2017-03-25 19:42:40","2017-03-25 19:42:40","Alabama");' | mysql -uroot -p hbnb_dev_db
Enter password: 
guillaume@ubuntu:~/AirBnB_v2$ 

And letâ€™s go back the Python console:

>>> # Time to insert new data!
>>> len(storage.all(State))
5
>>> # normal: the SQLAlchemy didn't reload his `Session`
>>> # to force it, you must remove the current session to create a new one:
>>> storage.close()
>>> len(storage.all(State))
6
>>> # perfect!
And for the getter cities in the State model:

guillaume@ubuntu:~/AirBnB_v2$ cat main.py
#!/usr/bin/python3
"""
 Test cities access from a state
"""
from models import storage
from models.state import State
from models.city import City

"""
 Objects creations
"""
state_1 = State(name="California")
print("New state: {}".format(state_1))
state_1.save()
state_2 = State(name="Arizona")
print("New state: {}".format(state_2))
state_2.save()

city_1_1 = City(state_id=state_1.id, name="Napa")
print("New city: {} in the state: {}".format(city_1_1, state_1))
city_1_1.save()
city_1_2 = City(state_id=state_1.id, name="Sonoma")
print("New city: {} in the state: {}".format(city_1_2, state_1))
city_1_2.save()
city_2_1 = City(state_id=state_2.id, name="Page")
print("New city: {} in the state: {}".format(city_2_1, state_2))
city_2_1.save()


"""
 Verification
"""
print("")
all_states = storage.all(State)
for state_id, state in all_states.items():
    for city in state.cities:
        print("Find the city {} in the state {}".format(city, state))

guillaume@ubuntu:~/AirBnB_v2$ 
guillaume@ubuntu:~/AirBnB_v2$ rm file.json ; HBNB_TYPE_STORAGE=fs ./main.py 
New state: [State] (5b8f1d55-e49c-44dd-ba6f-a3cf8489ae45) {'name': 'California', 'id': '5b8f1d55-e49c-44dd-ba6f-a3cf8489ae45', 'updated_at': datetime.datetime(2017, 12, 11, 19, 27, 52, 509954), 'created_at': datetime.datetime(2017, 12, 11, 19, 27, 52, 509950)}
New state: [State] (a5e5311a-3c19-4995-9485-32c74411b416) {'name': 'Arizona', 'id': 'a5e5311a-3c19-4995-9485-32c74411b416', 'updated_at': datetime.datetime(2017, 12, 11, 19, 27, 52, 510256), 'created_at': datetime.datetime(2017, 12, 11, 19, 27, 52, 510252)}
New city: [City] (e3e36ded-fe56-44f5-bf08-8a27e2b30672) {'name': 'Napa', 'id': 'e3e36ded-fe56-44f5-bf08-8a27e2b30672', 'state_id': '5b8f1d55-e49c-44dd-ba6f-a3cf8489ae45', 'updated_at': datetime.datetime(2017, 12, 11, 19, 27, 52, 510797), 'created_at': datetime.datetime(2017, 12, 11, 19, 27, 52, 510791)} in the state: [State] (5b8f1d55-e49c-44dd-ba6f-a3cf8489ae45) {'name': 'California', 'id': '5b8f1d55-e49c-44dd-ba6f-a3cf8489ae45', 'updated_at': datetime.datetime(2017, 12, 11, 19, 27, 52, 510038), 'created_at': datetime.datetime(2017, 12, 11, 19, 27, 52, 509950)}
New city: [City] (12a58d70-e255-4c1e-8a68-7d5fb924d2d2) {'name': 'Sonoma', 'id': '12a58d70-e255-4c1e-8a68-7d5fb924d2d2', 'state_id': '5b8f1d55-e49c-44dd-ba6f-a3cf8489ae45', 'updated_at': datetime.datetime(2017, 12, 11, 19, 27, 52, 511437), 'created_at': datetime.datetime(2017, 12, 11, 19, 27, 52, 511432)} in the state: [State] (5b8f1d55-e49c-44dd-ba6f-a3cf8489ae45) {'name': 'California', 'id': '5b8f1d55-e49c-44dd-ba6f-a3cf8489ae45', 'updated_at': datetime.datetime(2017, 12, 11, 19, 27, 52, 510038), 'created_at': datetime.datetime(2017, 12, 11, 19, 27, 52, 509950)}
New city: [City] (a693bdb9-e0ca-4521-adfd-e1a93c093b4b) {'name': 'Page', 'id': 'a693bdb9-e0ca-4521-adfd-e1a93c093b4b', 'state_id': 'a5e5311a-3c19-4995-9485-32c74411b416', 'updated_at': datetime.datetime(2017, 12, 11, 19, 27, 52, 511873), 'created_at': datetime.datetime(2017, 12, 11, 19, 27, 52, 511869)} in the state: [State] (a5e5311a-3c19-4995-9485-32c74411b416) {'name': 'Arizona', 'id': 'a5e5311a-3c19-4995-9485-32c74411b416', 'updated_at': datetime.datetime(2017, 12, 11, 19, 27, 52, 510373), 'created_at': datetime.datetime(2017, 12, 11, 19, 27, 52, 510252)}

Find the city [City] (e3e36ded-fe56-44f5-bf08-8a27e2b30672) {'name': 'Napa', 'id': 'e3e36ded-fe56-44f5-bf08-8a27e2b30672', 'state_id': '5b8f1d55-e49c-44dd-ba6f-a3cf8489ae45', 'updated_at': datetime.datetime(2017, 12, 11, 19, 27, 52, 510953), 'created_at': datetime.datetime(2017, 12, 11, 19, 27, 52, 510791)} in the state [State] (5b8f1d55-e49c-44dd-ba6f-a3cf8489ae45) {'name': 'California', 'id': '5b8f1d55-e49c-44dd-ba6f-a3cf8489ae45', 'updated_at': datetime.datetime(2017, 12, 11, 19, 27, 52, 510038), 'created_at': datetime.datetime(2017, 12, 11, 19, 27, 52, 509950)}
Find the city [City] (12a58d70-e255-4c1e-8a68-7d5fb924d2d2) {'name': 'Sonoma', 'id': '12a58d70-e255-4c1e-8a68-7d5fb924d2d2', 'state_id': '5b8f1d55-e49c-44dd-ba6f-a3cf8489ae45', 'updated_at': datetime.datetime(2017, 12, 11, 19, 27, 52, 511513), 'created_at': datetime.datetime(2017, 12, 11, 19, 27, 52, 511432)} in the state [State] (5b8f1d55-e49c-44dd-ba6f-a3cf8489ae45) {'name': 'California', 'id': '5b8f1d55-e49c-44dd-ba6f-a3cf8489ae45', 'updated_at': datetime.datetime(2017, 12, 11, 19, 27, 52, 510038), 'created_at': datetime.datetime(2017, 12, 11, 19, 27, 52, 509950)}
Find the city [City] (a693bdb9-e0ca-4521-adfd-e1a93c093b4b) {'name': 'Page', 'id': 'a693bdb9-e0ca-4521-adfd-e1a93c093b4b', 'state_id': 'a5e5311a-3c19-4995-9485-32c74411b416', 'updated_at': datetime.datetime(2017, 12, 11, 19, 27, 52, 512073), 'created_at': datetime.datetime(2017, 12, 11, 19, 27, 52, 511869)} in the state [State] (a5e5311a-3c19-4995-9485-32c74411b416) {'name': 'Arizona', 'id': 'a5e5311a-3c19-4995-9485-32c74411b416', 'updated_at': datetime.datetime(2017, 12, 11, 19, 27, 52, 510373), 'created_at': datetime.datetime(2017, 12, 11, 19, 27, 52, 510252)}
guillaume@ubuntu:~/AirBnB_v2$ 

8. List of states
guillaume@ubuntu:~/AirBnB_v2$ curl -o 7-dump.sql "https://s3.amazonaws.com/intranet-projects-files/holbertonschool-higher-level_programming+/290/7-states_list.sql"
guillaume@ubuntu:~/AirBnB_v2$ cat 7-dump.sql | mysql -uroot -p
Enter password: 
guillaume@ubuntu:~/AirBnB_v2$ HBNB_MYSQL_USER=hbnb_dev HBNB_MYSQL_PWD=hbnb_dev_pwd HBNB_MYSQL_HOST=localhost HBNB_MYSQL_DB=hbnb_dev_db HBNB_TYPE_STORAGE=db python3 -m web_flask.7-states_list
* Running on http://0.0.0.0:5000/ (Press CTRL+C to quit)
....
In another tab:

guillaume@ubuntu:~$ curl 0.0.0.0:5000/states_list ; echo ""
<!DOCTYPE html>
<HTML lang="en">
    <HEAD>
        <TITLE>HBNB</TITLE>
    </HEAD>
    <BODY>
        <H1>States</H1>
        <UL>

            <LI>421a55f4-7d82-47d9-b54c-a76916479545: <B>Alabama</B></LI>

            <LI>421a55f4-7d82-47d9-b54c-a76916479546: <B>Arizona</B></LI>

            <LI>421a55f4-7d82-47d9-b54c-a76916479547: <B>California</B></LI>

            <LI>421a55f4-7d82-47d9-b54c-a76916479548: <B>Colorado</B></LI>

            <LI>421a55f4-7d82-47d9-b54c-a76916479549: <B>Florida</B></LI>

            <LI>421a55f4-7d82-47d9-b54c-a76916479550: <B>Georgia</B></LI>

            <LI>421a55f4-7d82-47d9-b54c-a76916479551: <B>Hawaii</B></LI>

            <LI>421a55f4-7d82-47d9-b54c-a76916479552: <B>Illinois</B></LI>

            <LI>421a55f4-7d82-47d9-b54c-a76916479553: <B>Indiana</B></LI>

            <LI>421a55f4-7d82-47d9-b54c-a76916479554: <B>Louisiana</B></LI>

            <LI>421a55f4-7d82-47d9-b54c-a76916479555: <B>Minnesota</B></LI>

            <LI>421a55f4-7d82-47d9-b54c-a76916479556: <B>Mississippi</B></LI>

            <LI>421a55f4-7d82-47d9-b54c-a76916479557: <B>Oregon</B></LI>

        </UL>
    </BODY>
</HTML>
guillaume@ubuntu:~$ 

9. Cities by states

guillaume@ubuntu:~/AirBnB_v2$ curl -o 7-dump.sql "https://s3.amazonaws.com/intranet-projects-files/holbertonschool-higher-level_programming+/290/7-states_list.sql"
guillaume@ubuntu:~/AirBnB_v2$ cat 7-dump.sql | mysql -uroot -p
Enter password: 
guillaume@ubuntu:~/AirBnB_v2$ HBNB_MYSQL_USER=hbnb_dev HBNB_MYSQL_PWD=hbnb_dev_pwd HBNB_MYSQL_HOST=localhost HBNB_MYSQL_DB=hbnb_dev_db HBNB_TYPE_STORAGE=db python3 -m web_flask.8-cities_by_states
* Running on http://0.0.0.0:5000/ (Press CTRL+C to quit)
....
In another tab:

guillaume@ubuntu:~$ curl 0.0.0.0:5000/cities_by_states ; echo ""
<!DOCTYPE html>
<HTML lang="en">
    <HEAD>
        <TITLE>HBNB</TITLE>
    </HEAD>
    <BODY>
        <H1>States</H1>
        <UL>

            <LI>421a55f4-7d82-47d9-b54c-a76916479545: <B>Alabama</B>
                <UL>

                        <LI>521a55f4-7d82-47d9-b54c-a76916479545: <B>Akron</B></LI>

                        <LI>531a55f4-7d82-47d9-b54c-a76916479545: <B>Babbie</B></LI>

                        <LI>541a55f4-7d82-47d9-b54c-a76916479545: <B>Calera</B></LI>

                        <LI>551a55f4-7d82-47d9-b54c-a76916479545: <B>Fairfield</B></LI>

                </UL>
            </LI>

            <LI>421a55f4-7d82-47d9-b54c-a76916479546: <B>Arizona</B>
                <UL>

                        <LI>521a55f4-7d82-47d9-b54c-a76916479546: <B>Douglas</B></LI>

                        <LI>531a55f4-7d82-47d9-b54c-a76916479546: <B>Kearny</B></LI>

                        <LI>541a55f4-7d82-47d9-b54c-a76916479546: <B>Tempe</B></LI>

                </UL>
            </LI>

            <LI>421a55f4-7d82-47d9-b54c-a76916479547: <B>California</B>
                <UL>

                        <LI>541a55f4-7d82-47d9-b54c-a76916479547: <B>Fremont</B></LI>

                        <LI>551a55f4-7d82-47d9-b54c-a76916479547: <B>Napa</B></LI>

                        <LI>521a55f4-7d82-47d9-b54c-a76916479547: <B>San Francisco</B></LI>

                        <LI>531a55f4-7d82-47d9-b54c-a76916479547: <B>San Jose</B></LI>

                        <LI>561a55f4-7d82-47d9-b54c-a76916479547: <B>Sonoma</B></LI>

                </UL>
            </LI>

            <LI>421a55f4-7d82-47d9-b54c-a76916479548: <B>Colorado</B>
                <UL>

                        <LI>521a55f4-7d82-47d9-b54c-a76916479548: <B>Denver</B></LI>

                </UL>
            </LI>

            <LI>421a55f4-7d82-47d9-b54c-a76916479549: <B>Florida</B>
                <UL>

                        <LI>521a55f4-7d82-47d9-b54c-a76916479549: <B>Miami</B></LI>

                        <LI>531a55f4-7d82-47d9-b54c-a76916479549: <B>Orlando</B></LI>

                </UL>
            </LI>

            <LI>421a55f4-7d82-47d9-b54c-a76916479550: <B>Georgia</B>
                <UL>

                </UL>
            </LI>

            <LI>421a55f4-7d82-47d9-b54c-a76916479551: <B>Hawaii</B>
                <UL>

                        <LI>521a55f4-7d82-47d9-b54c-a76916479551: <B>Honolulu</B></LI>

                        <LI>531a55f4-7d82-47d9-b54c-a76916479551: <B>Kailua</B></LI>

                        <LI>541a55f4-7d82-47d9-b54c-a76916479551: <B>Pearl city</B></LI>

                </UL>
            </LI>

            <LI>421a55f4-7d82-47d9-b54c-a76916479552: <B>Illinois</B>
                <UL>

                        <LI>521a55f4-7d82-47d9-b54c-a76916479552: <B>Chicago</B></LI>

                        <LI>561a55f4-7d82-47d9-b54c-a76916479552: <B>Joliet</B></LI>

                        <LI>541a55f4-7d82-47d9-b54c-a76916479552: <B>Naperville</B></LI>

                        <LI>531a55f4-7d82-47d9-b54c-a76916479552: <B>Peoria</B></LI>

                        <LI>551a55f4-7d82-47d9-b54c-a76916479552: <B>Urbana</B></LI>

                </UL>
            </LI>

            <LI>421a55f4-7d82-47d9-b54c-a76916479553: <B>Indiana</B>
                <UL>

                </UL>
            </LI>

            <LI>421a55f4-7d82-47d9-b54c-a76916479554: <B>Louisiana</B>
                <UL>

                        <LI>531a55f4-7d82-47d9-b54c-a76916479554: <B>Baton rouge</B></LI>

                        <LI>541a55f4-7d82-47d9-b54c-a76916479554: <B>Lafayette</B></LI>

                        <LI>521a55f4-7d82-47d9-b54c-a76916479554: <B>New Orleans</B></LI>

                </UL>
            </LI>

            <LI>421a55f4-7d82-47d9-b54c-a76916479555: <B>Minnesota</B>
                <UL>

                        <LI>521a55f4-7d82-47d9-b54c-a76916479555: <B>Saint Paul</B></LI>

                </UL>
            </LI>

            <LI>421a55f4-7d82-47d9-b54c-a76916479556: <B>Mississippi</B>
                <UL>

                        <LI>521a55f4-7d82-47d9-b54c-a76916479556: <B>Jackson</B></LI>

                        <LI>541a55f4-7d82-47d9-b54c-a76916479556: <B>Meridian</B></LI>

                        <LI>531a55f4-7d82-47d9-b54c-a76916479556: <B>Tupelo</B></LI>

                </UL>
            </LI>

            <LI>421a55f4-7d82-47d9-b54c-a76916479557: <B>Oregon</B>
                <UL>

                        <LI>531a55f4-7d82-47d9-b54c-a76916479557: <B>Eugene</B></LI>

                        <LI>521a55f4-7d82-47d9-b54c-a76916479557: <B>Portland</B></LI>

                </UL>
            </LI>

        </UL>
    </BODY>
</HTML>
guillaume@ubuntu:~$ 

https://s3.amazonaws.com/alx-intranet.hbtn.io/uploads/medias/2020/9/9a7ae8155274b17881442200437e8793cf08de48.jpg?X-Amz-Algorithm=AWS4-HMAC-SHA256&X-Amz-Credential=AKIARDDGGGOUSBVO6H7D%2F20221019%2Fus-east-1%2Fs3%2Faws4_request&X-Amz-Date=20221019T100451Z&X-Amz-Expires=86400&X-Amz-SignedHeaders=host&X-Amz-Signature=e964d602a22777c11f694985ba39dfc3dc64ead048324b80c0e558398e85f006

10. States and State

guillaume@ubuntu:~/AirBnB_v2$ curl -o 7-dump.sql "https://s3.amazonaws.com/intranet-projects-files/holbertonschool-higher-level_programming+/290/7-states_list.sql"
guillaume@ubuntu:~/AirBnB_v2$ cat 7-dump.sql | mysql -uroot -p
Enter password: 
guillaume@ubuntu:~/AirBnB_v2$ HBNB_MYSQL_USER=hbnb_dev HBNB_MYSQL_PWD=hbnb_dev_pwd HBNB_MYSQL_HOST=localhost HBNB_MYSQL_DB=hbnb_dev_db HBNB_TYPE_STORAGE=db python3 -m web_flask.9-states
* Running on http://0.0.0.0:5000/ (Press CTRL+C to quit)
....

In another tab:

guillaume@ubuntu:~$ curl 0.0.0.0:5000/states ; echo ""
<!DOCTYPE html>
<HTML lang="en">
    <HEAD>
        <TITLE>HBNB</TITLE>
    </HEAD>
    <BODY>

        <H1>States</H1>
        <UL>

            <LI>421a55f4-7d82-47d9-b54c-a76916479545: <B>Alabama</B></LI>

            <LI>421a55f4-7d82-47d9-b54c-a76916479546: <B>Arizona</B></LI>

            <LI>421a55f4-7d82-47d9-b54c-a76916479547: <B>California</B></LI>

            <LI>421a55f4-7d82-47d9-b54c-a76916479548: <B>Colorado</B></LI>

            <LI>421a55f4-7d82-47d9-b54c-a76916479549: <B>Florida</B></LI>

            <LI>421a55f4-7d82-47d9-b54c-a76916479550: <B>Georgia</B></LI>

            <LI>421a55f4-7d82-47d9-b54c-a76916479551: <B>Hawaii</B></LI>

            <LI>421a55f4-7d82-47d9-b54c-a76916479552: <B>Illinois</B></LI>

            <LI>421a55f4-7d82-47d9-b54c-a76916479553: <B>Indiana</B></LI>

            <LI>421a55f4-7d82-47d9-b54c-a76916479554: <B>Louisiana</B></LI>

            <LI>421a55f4-7d82-47d9-b54c-a76916479555: <B>Minnesota</B></LI>

            <LI>421a55f4-7d82-47d9-b54c-a76916479556: <B>Mississippi</B></LI>

            <LI>421a55f4-7d82-47d9-b54c-a76916479557: <B>Oregon</B></LI>

        </UL>

    </BODY>
</HTML>
guillaume@ubuntu:~$ curl 0.0.0.0:5000/states/421a55f4-7d82-47d9-b54c-a76916479552 ; echo ""
<!DOCTYPE html>
<HTML lang="en">
    <HEAD>
        <TITLE>HBNB</TITLE>
    </HEAD>
    <BODY>

        <H1>State: Illinois</H1>
        <H3>Cities:</H3>
        <UL>
                <LI>521a55f4-7d82-47d9-b54c-a76916479552: <B>Chicago</B></LI>

                <LI>561a55f4-7d82-47d9-b54c-a76916479552: <B>Joliet</B></LI>

                <LI>541a55f4-7d82-47d9-b54c-a76916479552: <B>Naperville</B></LI>

                <LI>531a55f4-7d82-47d9-b54c-a76916479552: <B>Peoria</B></LI>

                <LI>551a55f4-7d82-47d9-b54c-a76916479552: <B>Urbana</B></LI>
        </UL>

    </BODY>
</HTML>
guillaume@ubuntu:~$ curl 0.0.0.0:5000/states/holberton ; echo ""
<!DOCTYPE html>
<HTML lang="en">
    <HEAD>
        <TITLE>HBNB</TITLE>
    </HEAD>
    <BODY>

        <H1>Not found!</H1>

    </BODY>
</HTML>
guillaume@ubuntu:~$ 

11. HBNB filters

guillaume@ubuntu:~/AirBnB_v2$ curl -o 10-dump.sql "https://s3.amazonaws.com/intranet-projects-files/holbertonschool-higher-level_programming+/290/10-hbnb_filters.sql"
guillaume@ubuntu:~/AirBnB_v2$ cat 10-dump.sql | mysql -uroot -p
Enter password: 
guillaume@ubuntu:~/AirBnB_v2$ HBNB_MYSQL_USER=hbnb_dev HBNB_MYSQL_PWD=hbnb_dev_pwd HBNB_MYSQL_HOST=localhost HBNB_MYSQL_DB=hbnb_dev_db HBNB_TYPE_STORAGE=db python3 -m web_flask.10-hbnb_filters
* Running on http://0.0.0.0:5000/ (Press CTRL+C to quit)
....

https://s3.amazonaws.com/alx-intranet.hbtn.io/uploads/medias/2020/9/4f993ec8ca2a2f639a80887667106ac63a0a3701.jpg?X-Amz-Algorithm=AWS4-HMAC-SHA256&X-Amz-Credential=AKIARDDGGGOUSBVO6H7D%2F20221019%2Fus-east-1%2Fs3%2Faws4_request&X-Amz-Date=20221019T100451Z&X-Amz-Expires=86400&X-Amz-SignedHeaders=host&X-Amz-Signature=6db0a94e19399f413de90ad83dd9dd9e2ac3e9b10463661c17d75de31a0bfa5b

https://s3.amazonaws.com/alx-intranet.hbtn.io/uploads/medias/2020/9/1549b553d726cc37f64440be910cb6b858aa32ae.jpg?X-Amz-Algorithm=AWS4-HMAC-SHA256&X-Amz-Credential=AKIARDDGGGOUSBVO6H7D%2F20221019%2Fus-east-1%2Fs3%2Faws4_request&X-Amz-Date=20221019T100451Z&X-Amz-Expires=86400&X-Amz-SignedHeaders=host&X-Amz-Signature=612fff9662948bad5c7df781547d5afa1b21be9c4ffe266249a6038cd9433fca

https://s3.amazonaws.com/alx-intranet.hbtn.io/uploads/medias/2020/9/94b3a416ba1551c59701eb6672ac0a36fbebba14.jpg?X-Amz-Algorithm=AWS4-HMAC-SHA256&X-Amz-Credential=AKIARDDGGGOUSBVO6H7D%2F20221019%2Fus-east-1%2Fs3%2Faws4_request&X-Amz-Date=20221019T100451Z&X-Amz-Expires=86400&X-Amz-SignedHeaders=host&X-Amz-Signature=7deb7706416096a5e9d2ca26439e23547b080e44691879abf60d9a59c68c7c62

https://s3.amazonaws.com/alx-intranet.hbtn.io/uploads/medias/2020/9/1e559707dd34a37564dc10e54b707815a516d363.jpg?X-Amz-Algorithm=AWS4-HMAC-SHA256&X-Amz-Credential=AKIARDDGGGOUSBVO6H7D%2F20221019%2Fus-east-1%2Fs3%2Faws4_request&X-Amz-Date=20221019T100451Z&X-Amz-Expires=86400&X-Amz-SignedHeaders=host&X-Amz-Signature=555ae04ab5c99c312b5a40ba8cdcefd4ee8c9a06c3911e1db40d9eef689f27fd



In the browser:

12. HBNB is alive!
guillaume@ubuntu:~/AirBnB_v2$ curl -o 100-dump.sql "https://s3.amazonaws.com/intranet-projects-files/holbertonschool-higher-level_programming+/290/100-hbnb.sql"
guillaume@ubuntu:~/AirBnB_v2$ cat 100-dump.sql | mysql -uroot -p
Enter password: 
guillaume@ubuntu:~/AirBnB_v2$ HBNB_MYSQL_USER=hbnb_dev HBNB_MYSQL_PWD=hbnb_dev_pwd HBNB_MYSQL_HOST=localhost HBNB_MYSQL_DB=hbnb_dev_db HBNB_TYPE_STORAGE=db python3 -m web_flask.100-hbnb
* Running on http://0.0.0.0:5000/ (Press CTRL+C to quit)
....

https://s3.amazonaws.com/alx-intranet.hbtn.io/uploads/medias/2020/9/396ae10c9f85a6128ae40e1b63f4bce95adf411c.jpg?X-Amz-Algorithm=AWS4-HMAC-SHA256&X-Amz-Credential=AKIARDDGGGOUSBVO6H7D%2F20221019%2Fus-east-1%2Fs3%2Faws4_request&X-Amz-Date=20221019T100451Z&X-Amz-Expires=86400&X-Amz-SignedHeaders=host&X-Amz-Signature=ecdf4ab051524b0444d301b01f6dad91c55042787942c844d2416c76287fe9dd

https://s3.amazonaws.com/alx-intranet.hbtn.io/uploads/medias/2020/9/9eb21499b5f3b59751fdbf561174e2f259d97482.jpg?X-Amz-Algorithm=AWS4-HMAC-SHA256&X-Amz-Credential=AKIARDDGGGOUSBVO6H7D%2F20221019%2Fus-east-1%2Fs3%2Faws4_request&X-Amz-Date=20221019T100451Z&X-Amz-Expires=86400&X-Amz-SignedHeaders=host&X-Amz-Signature=75dd45001e79400bbeb3acc3da3f27d1e3f4f8b7f48d2f58eea73e632987fb16

https://s3.amazonaws.com/alx-intranet.hbtn.io/uploads/medias/2020/9/bf248a63c15a746ad694acffdd56d80281782c71.jpg?X-Amz-Algorithm=AWS4-HMAC-SHA256&X-Amz-Credential=AKIARDDGGGOUSBVO6H7D%2F20221019%2Fus-east-1%2Fs3%2Faws4_request&X-Amz-Date=20221019T100451Z&X-Amz-Expires=86400&X-Amz-SignedHeaders=host&X-Amz-Signature=49be828f362b812a7205ea09e156a4da893f056f0b7a9bc6be1fdf55cea7f7a1

https://s3.amazonaws.com/alx-intranet.hbtn.io/uploads/medias/2020/9/494317aad058a649a51f416eceee1a609f07c6c0.jpg?X-Amz-Algorithm=AWS4-HMAC-SHA256&X-Amz-Credential=AKIARDDGGGOUSBVO6H7D%2F20221019%2Fus-east-1%2Fs3%2Faws4_request&X-Amz-Date=20221019T100451Z&X-Amz-Expires=86400&X-Amz-SignedHeaders=host&X-Amz-Signature=6516b45b2e9b356b63eaebbda918d8920e7cc11f250aa951285a24ca959d90fb

https://s3.amazonaws.com/alx-intranet.hbtn.io/uploads/medias/2020/9/016911388aa92532e06c4d5361188a2622425517.jpg?X-Amz-Algorithm=AWS4-HMAC-SHA256&X-Amz-Credential=AKIARDDGGGOUSBVO6H7D%2F20221019%2Fus-east-1%2Fs3%2Faws4_request&X-Amz-Date=20221019T100451Z&X-Amz-Expires=86400&X-Amz-SignedHeaders=host&X-Amz-Signature=5068f4d405c905e4f929500b75bd661487f4732022cb84c2565313afb28656a6


